// Jest Snapshot v1, https://goo.gl/fbAQLP

exports[`logon and get root links for default services 1`] = `"done"`;
