// Jest Snapshot v1, https://goo.gl/fbAQLP

exports[`identities service 1`] = `"done"`;
