// Jest Snapshot v1, https://goo.gl/fbAQLP

exports[`Create CAS Destination 1`] = `"done"`;

exports[`List repositories 1`] = `"done"`;

exports[`test mlPipeline 1`] = `"done"`;
