// Jest Snapshot v1, https://goo.gl/fbAQLP

exports[`folders - paginate thru folders 1`] = `"done"`;
